// Jest Snapshot v1, https://goo.gl/fbAQLP

exports[`CollectionPreview component should render CollectionPreview 1`] = `ShallowWrapper {}`;
